// Jest Snapshot v1, https://goo.gl/fbAQLP

exports[`match snapshot 1`] = `
<DocumentFragment>
  .c0 h1,
.c0 h2,
.c0 h3,
.c0 h4,
.c0 h5,
.c0 h6 {
  line-height: 1.3;
  font-weight: 300;
  position: relative;
  margin-bottom: 25px;
  padding-bottom: 8px;
  border-bottom: 1px solid rgba(255,255,255,0.2);
}

.c0 h1::after,
.c0 h2::after,
.c0 h3::after,
.c0 h4::after,
.c0 h5::after,
.c0 h6::after {
  content: "";
  position: absolute;
  left: 0;
  bottom: -3px;
  background: #ffc107;
  height: 5px;
  width: 70px;
}

.c0 h1 strong,
.c0 h2 strong,
.c0 h3 strong,
.c0 h4 strong,
.c0 h5 strong,
.c0 h6 strong {
  color: #ffc107;
}

.c0 h1 {
  padding-bottom: 25px;
}

.c0 h1 {
  font-size: 2.5rem;
}

.c0 h2 {
  font-size: 2rem;
}

.c0 h3 {
  font-size: 1.9rem;
}

.c0 h4 {
  font-size: 1.3rem;
  font-weight: 600;
}

.c0 h5 {
  font-size: 1.2rem;
  font-weight: 300;
}

.c0 h6 {
  font-size: 1.1rem;
  font-weight: 600;
}

@media (min-width:992px) {
  .c0 h1 {
    font-size: 3.75rem;
  }
}

@media (min-width:992px) {
  .c0 h2 {
    font-size: 3.125rem;
  }
}

@media (min-width:992px) {
  .c0 h3 {
    font-size: 2.5rem;
  }
}

@media (min-width:992px) {
  .c0 h4 {
    font-size: 2.125rem;
  }
}

@media (min-width:992px) {
  .c0 h5 {
    font-size: 1.5rem;
  }
}

@media (min-width:992px) {
  .c0 h6 {
    font-size: 1.25rem;
  }
}

<div
    class="c0"
  >
    Title
  </div>
</DocumentFragment>
`;
